2025-11-12 10:46:11,195Z - INFO - ==== predict_V19F_to_db start ====
2025-11-12 10:46:12,010Z - INFO - Unique index ux_predictETH5_ts_event_model created on predictETH5
2025-11-12 10:46:12,047Z - INFO - Loading price data starting 2022-01-01
2025-11-12 10:46:41,622Z - INFO - Price indicators prepared: 1396255 rows
2025-11-12 10:46:42,308Z - INFO - Removed news ids loaded: 60
2025-11-12 10:46:42,309Z - ERROR - Failed to load models or encoders: Label encoders not found in either primary or fallback directories
Traceback (most recent call last):
  File "/home/ilyamus/GPTGROKWORK/AITrainer_V5/predict_V19_to_db.py", line 651, in main
    encoders = _load_encoders()
               ^^^^^^^^^^^^^^^^
  File "/home/ilyamus/GPTGROKWORK/AITrainer_V5/predict_V19_to_db.py", line 119, in _load_encoders
    raise FileNotFoundError("Label encoders not found in either primary or fallback directories")
FileNotFoundError: Label encoders not found in either primary or fallback directories
2025-11-12 11:42:36,551Z - INFO - ==== predict_V19F_to_db start ====
2025-11-12 11:42:36,682Z - INFO - Unique index creation skipped: (mysql.connector.errors.ProgrammingError) 1061 (42000): Duplicate key name 'ux_predictETH5_ts_event_model'
[SQL: 
        ALTER TABLE predictETH5
        ADD UNIQUE KEY ux_predictETH5_ts_event_model (ts_utc, event_key, model_tag)
        ]
(Background on this error at: https://sqlalche.me/e/20/f405)
2025-11-12 11:42:36,686Z - INFO - Loading price data starting 2022-01-01
2025-11-12 11:43:12,394Z - INFO - Price indicators prepared: 1396310 rows
2025-11-12 11:43:12,443Z - INFO - Removed news ids loaded: 62
2025-11-12 11:43:12,444Z - INFO - Loading event label encoder from /home/ilyamus/GPTGROKWORK/AITrainer_V5/label_encoder_event_te_15m.pkl
2025-11-12 11:43:13,113Z - WARNING - No dependence label encoder found in ('label_encoder_dependence_15min.pkl', 'label_encoder_dependence_te_15m.pkl', 'label_encoder_dependence_te_15min.pkl')
2025-11-12 11:43:13,113Z - WARNING - Dependence label encoder not found; dependence values will be encoded as unknown
2025-11-12 11:43:13,113Z - INFO - Loading direction RF model from /home/ilyamus/GPTGROKWORK/AITrainer_V5/model_te_direction_rf_15m.pkl
2025-11-12 11:43:13,398Z - INFO - Loading direction XGB model from /home/ilyamus/GPTGROKWORK/AITrainer_V5/model_te_direction_xgb_15m.pkl
2025-11-12 11:43:13,449Z - INFO - Loading magnitude regression model from /home/ilyamus/GPTGROKWORK/AITrainer_V5/model_te_magnitude_xgb_15m.pkl
2025-11-12 11:50:05,956Z - INFO - ==== predict_V19F_to_db start ====
2025-11-12 11:50:06,455Z - INFO - Unique index creation skipped: (mysql.connector.errors.ProgrammingError) 1061 (42000): Duplicate key name 'ux_predictETH5_ts_event_model'
[SQL: 
        ALTER TABLE predictETH5
        ADD UNIQUE KEY ux_predictETH5_ts_event_model (ts_utc, event_key, model_tag)
        ]
(Background on this error at: https://sqlalche.me/e/20/f405)
2025-11-12 11:50:06,459Z - INFO - Loading price data starting 2022-01-01
2025-11-12 11:50:44,866Z - INFO - Price indicators prepared: 1396319 rows
2025-11-12 11:50:44,913Z - INFO - Removed news ids loaded: 62
2025-11-12 11:50:44,913Z - INFO - Loading event label encoder from /home/ilyamus/GPTGROKWORK/AITrainer_V5/label_encoder_event_te_15m.pkl
2025-11-12 11:50:45,619Z - WARNING - No dependence label encoder found in ('label_encoder_dependence_15min.pkl', 'label_encoder_dependence_te_15m.pkl', 'label_encoder_dependence_te_15min.pkl')
2025-11-12 11:50:45,619Z - WARNING - Dependence label encoder not found; dependence values will be encoded as unknown
2025-11-12 11:50:45,619Z - INFO - Loading direction RF model from /home/ilyamus/GPTGROKWORK/AITrainer_V5/model_te_direction_rf_15m.pkl
2025-11-12 11:50:46,008Z - INFO - Loading direction XGB model from /home/ilyamus/GPTGROKWORK/AITrainer_V5/model_te_direction_xgb_15m.pkl
2025-11-12 11:50:46,065Z - INFO - Loading magnitude regression model from /home/ilyamus/GPTGROKWORK/AITrainer_V5/model_te_magnitude_xgb_15m.pkl
2025-11-12 11:54:26,475Z - INFO - ==== predict_V19F_to_db start ====
2025-11-12 11:54:27,069Z - INFO - Unique index creation skipped: (mysql.connector.errors.ProgrammingError) 1061 (42000): Duplicate key name 'ux_predictETH5_ts_event_model'
[SQL: 
        ALTER TABLE predictETH5
        ADD UNIQUE KEY ux_predictETH5_ts_event_model (ts_utc, event_key, model_tag)
        ]
(Background on this error at: https://sqlalche.me/e/20/f405)
2025-11-12 11:54:27,074Z - INFO - Loading price data starting 2022-01-01
2025-11-12 11:55:04,330Z - INFO - Price indicators prepared: 1396322 rows
2025-11-12 11:55:04,372Z - INFO - Removed news ids loaded: 62
2025-11-12 11:55:04,373Z - INFO - Loading event label encoder from /home/ilyamus/GPTGROKWORK/AITrainer_V5/label_encoder_event_te_15m.pkl
2025-11-12 11:55:05,113Z - WARNING - No dependence label encoder found in ('label_encoder_dependence_15min.pkl', 'label_encoder_dependence_te_15m.pkl', 'label_encoder_dependence_te_15min.pkl')
2025-11-12 11:55:05,113Z - WARNING - Dependence label encoder not found; dependence values will be encoded as unknown
2025-11-12 11:55:05,113Z - INFO - Loading direction RF model from /home/ilyamus/GPTGROKWORK/AITrainer_V5/model_te_direction_rf_15m.pkl
2025-11-12 11:55:05,462Z - INFO - Loading direction XGB model from /home/ilyamus/GPTGROKWORK/AITrainer_V5/model_te_direction_xgb_15m.pkl
2025-11-12 11:55:05,508Z - INFO - Loading magnitude regression model from /home/ilyamus/GPTGROKWORK/AITrainer_V5/model_te_magnitude_xgb_15m.pkl
2025-11-12 15:03:42,514Z - INFO - ==== predict_V19F_to_db start ====
2025-11-12 15:03:42,578Z - INFO - Unique index creation skipped: (mysql.connector.errors.ProgrammingError) 1061 (42000): Duplicate key name 'ux_predictETH5_ts_event_model'
[SQL: 
        ALTER TABLE predictETH5
        ADD UNIQUE KEY ux_predictETH5_ts_event_model (ts_utc, event_key, model_tag)
        ]
(Background on this error at: https://sqlalche.me/e/20/f405)
2025-11-12 15:03:42,580Z - INFO - Loading price data starting 2022-01-01
2025-11-12 15:04:11,047Z - INFO - Price indicators prepared: 1396511 rows
2025-11-12 15:04:11,094Z - INFO - Removed news ids loaded: 73
2025-11-12 15:04:11,094Z - INFO - Loading event label encoder from /home/ilyamus/GPTGROKWORK/AITrainer_V5/label_encoder_event_te_15m.pkl
2025-11-12 15:04:11,799Z - WARNING - No dependence label encoder found in ('label_encoder_dependence_15min.pkl', 'label_encoder_dependence_te_15m.pkl', 'label_encoder_dependence_te_15min.pkl')
2025-11-12 15:04:11,799Z - WARNING - Dependence label encoder not found; dependence values will be encoded as unknown
2025-11-12 15:04:11,799Z - INFO - Loading direction RF model from /home/ilyamus/GPTGROKWORK/AITrainer_V5/model_te_direction_rf_15m.pkl
2025-11-12 15:04:12,096Z - INFO - Loading direction XGB model from /home/ilyamus/GPTGROKWORK/AITrainer_V5/model_te_direction_xgb_15m.pkl
2025-11-12 15:04:12,154Z - INFO - Loading magnitude regression model from /home/ilyamus/GPTGROKWORK/AITrainer_V5/model_te_magnitude_xgb_15m.pkl
2025-11-12 15:04:13,313Z - INFO - Predictions computed: 124 rows
2025-11-12 15:04:13,314Z - INFO - Class distribution: {1: 65, 2: 58, 0: 1}
2025-11-12 15:04:13,316Z - INFO - Filtered predictions: 99 kept / 124 total (thr_dir=0.40, thr_mag=2.50)
2025-11-12 15:04:13,325Z - INFO - Prepared 99 rows for insertion
2025-11-12 15:04:13,331Z - INFO - Top predictions:
             ts_utc                                  event                                  event_key  src_id  direction_pred  direction_prob  magnitude_pred  price_entry  price_exit currency_pair priority  is_removed model_tag                                                                                                                                                                                 extra_json
2025-11-14 14:00:00 ECB Executive Board Member Lane Speech ecb_executive_board_member_lane_speech_eur 2272589               2          0.6914           4.527      1.15782     1.15782       EUR/USD      Low           0  V19F_15m  {"future_mode": true, "thr_dir": 0.4, "thr_mag": 2.5, "rf_p_mean": 0.4049394077919312, "xgb_p_mean": 0.9778182506561279, "vol_pre": 7.238616116785199, "news_impact": 1.6094379124341003}
2025-11-14 14:00:00               Business Inventories m/m           business_inventories_m_m_mom_usd 2272588               2          0.6914           4.527      1.15782     1.15782       EUR/USD      Low           0  V19F_15m  {"future_mode": true, "thr_dir": 0.4, "thr_mag": 2.5, "rf_p_mean": 0.4049394077919312, "xgb_p_mean": 0.9778182506561279, "vol_pre": 7.238616116785199, "news_impact": 1.6094379124341003}
2025-11-14 14:00:00                 Retail Inventories m/m             retail_inventories_m_m_mom_usd 2272586               2          0.6914           4.527      1.15782     1.15782       EUR/USD      Low           0  V19F_15m  {"future_mode": true, "thr_dir": 0.4, "thr_mag": 2.5, "rf_p_mean": 0.4049394077919312, "xgb_p_mean": 0.9778182506561279, "vol_pre": 7.238616116785199, "news_impact": 1.6094379124341003}
2025-11-14 14:00:00     Retail Inventories excl. Autos m/m  retail_inventories_excl_autos_m_m_mom_usd 2272587               2          0.6914           4.527      1.15782     1.15782       EUR/USD      Low           0  V19F_15m  {"future_mode": true, "thr_dir": 0.4, "thr_mag": 2.5, "rf_p_mean": 0.4049394077919312, "xgb_p_mean": 0.9778182506561279, "vol_pre": 7.238616116785199, "news_impact": 1.6094379124341003}
2025-11-14 14:30:00         EIA Natural Gas Storage Change         eia_natural_gas_storage_change_usd 2285549               2          0.6914           4.527      1.15782     1.15782       EUR/USD      Low           0  V19F_15m {"future_mode": true, "thr_dir": 0.4, "thr_mag": 2.5, "rf_p_mean": 0.4049394077919312, "xgb_p_mean": 0.9778182506561279, "vol_pre": 7.238616116785199, "news_impact": 0.24765897747628585}
2025-11-12 15:04:13,557Z - INFO - Inserted/updated 99 records into predictETH5
2025-11-12 15:04:13,558Z - INFO - ==== predict_V19F_to_db completed ====
2025-11-12 15:31:57,050Z - INFO - ==== predict_V19F_to_db start ====
2025-11-12 15:31:57,113Z - INFO - Loading price data starting 2022-01-01
2025-11-12 15:32:24,880Z - INFO - Price indicators prepared: 1396539 rows
2025-11-12 15:32:24,917Z - INFO - Removed news ids loaded: 74
2025-11-12 15:32:24,917Z - INFO - Loading event label encoder from /home/ilyamus/GPTGROKWORK/AITrainer_V5/label_encoder_event_te_15m.pkl
2025-11-12 15:32:25,625Z - WARNING - No dependence label encoder found in ('label_encoder_dependence_15min.pkl', 'label_encoder_dependence_te_15m.pkl', 'label_encoder_dependence_te_15min.pkl')
2025-11-12 15:32:25,626Z - WARNING - Dependence label encoder not found; dependence values will be encoded as unknown
2025-11-12 15:32:25,626Z - INFO - Loading direction RF model from /home/ilyamus/GPTGROKWORK/AITrainer_V5/model_te_direction_rf_15m.pkl
2025-11-12 15:32:25,866Z - INFO - Loading direction XGB model from /home/ilyamus/GPTGROKWORK/AITrainer_V5/model_te_direction_xgb_15m.pkl
2025-11-12 15:32:25,917Z - INFO - Loading magnitude regression model from /home/ilyamus/GPTGROKWORK/AITrainer_V5/model_te_magnitude_xgb_15m.pkl
2025-11-12 15:32:26,978Z - INFO - Predictions computed: 120 rows
2025-11-12 15:32:26,978Z - INFO - Class distribution: {1: 60, 2: 59, 0: 1}
2025-11-12 15:32:26,980Z - INFO - Filtered predictions: 102 kept / 120 total (thr_dir=0.40, thr_mag=2.50)
2025-11-12 15:32:27,004Z - INFO - Prepared 102 rows for insertion
2025-11-12 15:32:27,010Z - INFO - Top predictions:
             ts_utc                                  event                                  event_key  src_id  direction_pred  direction_prob  magnitude_pred  price_entry  price_exit currency_pair priority  is_removed model_tag                                                                                                                                                                                 extra_json
2025-11-14 14:00:00                 Retail Inventories m/m             retail_inventories_m_m_mom_usd 2272586               2          0.6914           4.527      1.15702     1.15702       EUR/USD      Low           0  V19F_15m  {"future_mode": true, "thr_dir": 0.4, "thr_mag": 2.5, "rf_p_mean": 0.4049394077919312, "xgb_p_mean": 0.9778182506561279, "vol_pre": 7.238658481808655, "news_impact": 1.6094379124341003}
2025-11-14 14:30:00         EIA Natural Gas Storage Change         eia_natural_gas_storage_change_usd 2285549               2          0.6914           4.527      1.15702     1.15702       EUR/USD      Low           0  V19F_15m {"future_mode": true, "thr_dir": 0.4, "thr_mag": 2.5, "rf_p_mean": 0.4049394077919312, "xgb_p_mean": 0.9778182506561279, "vol_pre": 7.238658481808655, "news_impact": 0.24765897747628585}
2025-11-14 14:00:00 ECB Executive Board Member Lane Speech ecb_executive_board_member_lane_speech_eur 2272589               2          0.6914           4.527      1.15702     1.15702       EUR/USD      Low           0  V19F_15m  {"future_mode": true, "thr_dir": 0.4, "thr_mag": 2.5, "rf_p_mean": 0.4049394077919312, "xgb_p_mean": 0.9778182506561279, "vol_pre": 7.238658481808655, "news_impact": 1.6094379124341003}
2025-11-14 14:00:00     Retail Inventories excl. Autos m/m  retail_inventories_excl_autos_m_m_mom_usd 2272587               2          0.6914           4.527      1.15702     1.15702       EUR/USD      Low           0  V19F_15m  {"future_mode": true, "thr_dir": 0.4, "thr_mag": 2.5, "rf_p_mean": 0.4049394077919312, "xgb_p_mean": 0.9778182506561279, "vol_pre": 7.238658481808655, "news_impact": 1.6094379124341003}
2025-11-14 14:00:00               Business Inventories m/m           business_inventories_m_m_mom_usd 2272588               2          0.6914           4.527      1.15702     1.15702       EUR/USD      Low           0  V19F_15m  {"future_mode": true, "thr_dir": 0.4, "thr_mag": 2.5, "rf_p_mean": 0.4049394077919312, "xgb_p_mean": 0.9778182506561279, "vol_pre": 7.238658481808655, "news_impact": 1.6094379124341003}
2025-11-12 15:32:27,175Z - INFO - Inserted/updated 102 records into predictETH5
2025-11-12 15:32:27,175Z - INFO - ==== predict_V19F_to_db completed ====
2025-11-12 15:33:54,569Z - INFO - ==== predict_V19F_to_db start ====
2025-11-12 15:33:54,644Z - INFO - Loading price data starting 2022-01-01
2025-11-12 15:34:22,738Z - INFO - Price indicators prepared: 1396541 rows
2025-11-12 15:34:22,769Z - INFO - Removed news ids loaded: 74
2025-11-12 15:34:22,769Z - INFO - Loading event label encoder from /home/ilyamus/GPTGROKWORK/AITrainer_V5/label_encoder_event_te_15m.pkl
2025-11-12 15:34:23,445Z - WARNING - No dependence label encoder found in ('label_encoder_dependence_15min.pkl', 'label_encoder_dependence_te_15m.pkl', 'label_encoder_dependence_te_15min.pkl')
2025-11-12 15:34:23,445Z - WARNING - Dependence label encoder not found; dependence values will be encoded as unknown
2025-11-12 15:34:23,445Z - INFO - Loading direction RF model from /home/ilyamus/GPTGROKWORK/AITrainer_V5/model_te_direction_rf_15m.pkl
2025-11-12 15:34:23,674Z - INFO - Loading direction XGB model from /home/ilyamus/GPTGROKWORK/AITrainer_V5/model_te_direction_xgb_15m.pkl
2025-11-12 15:34:23,723Z - INFO - Loading magnitude regression model from /home/ilyamus/GPTGROKWORK/AITrainer_V5/model_te_magnitude_xgb_15m.pkl
2025-11-12 15:34:24,801Z - INFO - Predictions computed: 120 rows
2025-11-12 15:34:24,801Z - INFO - Class distribution: {1: 60, 2: 59, 0: 1}
2025-11-12 15:34:24,804Z - INFO - Filtered predictions: 117 kept / 120 total (thr_dir=0.40, thr_mag=2.50)
2025-11-12 15:34:24,827Z - INFO - Prepared 117 rows for insertion
2025-11-12 15:34:24,833Z - INFO - Top predictions:
             ts_utc                                  event                                  event_key  src_id  direction_pred  direction_prob  magnitude_pred  price_entry  price_exit currency_pair priority  is_removed model_tag                                                                                                                                                                                 extra_json
2025-11-14 14:30:00         EIA Natural Gas Storage Change         eia_natural_gas_storage_change_usd 2285549               2          0.6914           4.527       1.1568      1.1568       EUR/USD      Low           0  V19F_15m {"future_mode": true, "thr_dir": 0.4, "thr_mag": 2.5, "rf_p_mean": 0.4049394077919312, "xgb_p_mean": 0.9778182506561279, "vol_pre": 7.238648443432043, "news_impact": 0.24765897747628585}
2025-11-14 14:00:00 ECB Executive Board Member Lane Speech ecb_executive_board_member_lane_speech_eur 2272589               2          0.6914           4.527       1.1568      1.1568       EUR/USD      Low           0  V19F_15m  {"future_mode": true, "thr_dir": 0.4, "thr_mag": 2.5, "rf_p_mean": 0.4049394077919312, "xgb_p_mean": 0.9778182506561279, "vol_pre": 7.238648443432043, "news_impact": 1.6094379124341003}
2025-11-14 14:00:00     Retail Inventories excl. Autos m/m  retail_inventories_excl_autos_m_m_mom_usd 2272587               2          0.6914           4.527       1.1568      1.1568       EUR/USD      Low           0  V19F_15m  {"future_mode": true, "thr_dir": 0.4, "thr_mag": 2.5, "rf_p_mean": 0.4049394077919312, "xgb_p_mean": 0.9778182506561279, "vol_pre": 7.238648443432043, "news_impact": 1.6094379124341003}
2025-11-14 14:00:00                 Retail Inventories m/m             retail_inventories_m_m_mom_usd 2272586               2          0.6914           4.527       1.1568      1.1568       EUR/USD      Low           0  V19F_15m  {"future_mode": true, "thr_dir": 0.4, "thr_mag": 2.5, "rf_p_mean": 0.4049394077919312, "xgb_p_mean": 0.9778182506561279, "vol_pre": 7.238648443432043, "news_impact": 1.6094379124341003}
2025-11-14 14:00:00               Business Inventories m/m           business_inventories_m_m_mom_usd 2272588               2          0.6914           4.527       1.1568      1.1568       EUR/USD      Low           0  V19F_15m  {"future_mode": true, "thr_dir": 0.4, "thr_mag": 2.5, "rf_p_mean": 0.4049394077919312, "xgb_p_mean": 0.9778182506561279, "vol_pre": 7.238648443432043, "news_impact": 1.6094379124341003}
2025-11-12 15:34:25,074Z - INFO - Inserted/updated 117 records into predictETH5
2025-11-12 15:34:25,074Z - INFO - ==== predict_V19F_to_db completed ====
2025-11-12 15:39:03,173Z - INFO - ==== predict_V19F_to_db start ====
2025-11-12 15:39:03,248Z - INFO - Loading price data starting 2022-01-01
2025-11-12 15:39:31,577Z - INFO - Price indicators prepared: 1396547 rows
2025-11-12 15:39:31,622Z - INFO - Removed news ids loaded: 74
2025-11-12 15:39:31,622Z - INFO - Loading event label encoder from /home/ilyamus/GPTGROKWORK/AITrainer_V5/label_encoder_event_te_15m.pkl
2025-11-12 15:39:32,331Z - WARNING - No dependence label encoder found in ('label_encoder_dependence_15min.pkl', 'label_encoder_dependence_te_15m.pkl', 'label_encoder_dependence_te_15min.pkl')
2025-11-12 15:39:32,331Z - WARNING - Dependence label encoder not found; dependence values will be encoded as unknown
2025-11-12 15:39:32,331Z - INFO - Loading direction RF model from /home/ilyamus/GPTGROKWORK/AITrainer_V5/model_te_direction_rf_15m.pkl
2025-11-12 15:39:32,560Z - INFO - Loading direction XGB model from /home/ilyamus/GPTGROKWORK/AITrainer_V5/model_te_direction_xgb_15m.pkl
2025-11-12 15:39:32,605Z - INFO - Loading magnitude regression model from /home/ilyamus/GPTGROKWORK/AITrainer_V5/model_te_magnitude_xgb_15m.pkl
2025-11-12 15:39:33,740Z - INFO - Predictions computed: 120 rows
2025-11-12 15:39:33,741Z - INFO - Class distribution: {1: 60, 2: 59, 0: 1}
2025-11-12 15:39:33,744Z - INFO - Filtered predictions: 102 kept / 120 total (thr_dir=0.40, thr_mag=2.50)
2025-11-12 15:39:33,765Z - INFO - Prepared 102 rows for insertion
2025-11-12 15:39:33,771Z - INFO - Top predictions:
             ts_utc                                  event                                  event_key  src_id  direction_pred  direction_prob  magnitude_pred  price_entry  price_exit currency_pair priority  is_removed model_tag                                                                                                                                                                                 extra_json
2025-11-14 14:00:00                 Retail Inventories m/m             retail_inventories_m_m_mom_usd 2272586               2          0.6914           4.527       1.1568      1.1568       EUR/USD      Low           0  V19F_15m  {"future_mode": true, "thr_dir": 0.4, "thr_mag": 2.5, "rf_p_mean": 0.4049394077919312, "xgb_p_mean": 0.9778182506561279, "vol_pre": 7.238632401852268, "news_impact": 1.6094379124341003}
2025-11-14 14:30:00         EIA Natural Gas Storage Change         eia_natural_gas_storage_change_usd 2285549               2          0.6914           4.527       1.1568      1.1568       EUR/USD      Low           0  V19F_15m {"future_mode": true, "thr_dir": 0.4, "thr_mag": 2.5, "rf_p_mean": 0.4049394077919312, "xgb_p_mean": 0.9778182506561279, "vol_pre": 7.238632401852268, "news_impact": 0.24765897747628585}
2025-11-14 14:00:00 ECB Executive Board Member Lane Speech ecb_executive_board_member_lane_speech_eur 2272589               2          0.6914           4.527       1.1568      1.1568       EUR/USD      Low           0  V19F_15m  {"future_mode": true, "thr_dir": 0.4, "thr_mag": 2.5, "rf_p_mean": 0.4049394077919312, "xgb_p_mean": 0.9778182506561279, "vol_pre": 7.238632401852268, "news_impact": 1.6094379124341003}
2025-11-14 14:00:00     Retail Inventories excl. Autos m/m  retail_inventories_excl_autos_m_m_mom_usd 2272587               2          0.6914           4.527       1.1568      1.1568       EUR/USD      Low           0  V19F_15m  {"future_mode": true, "thr_dir": 0.4, "thr_mag": 2.5, "rf_p_mean": 0.4049394077919312, "xgb_p_mean": 0.9778182506561279, "vol_pre": 7.238632401852268, "news_impact": 1.6094379124341003}
2025-11-14 14:00:00               Business Inventories m/m           business_inventories_m_m_mom_usd 2272588               2          0.6914           4.527       1.1568      1.1568       EUR/USD      Low           0  V19F_15m  {"future_mode": true, "thr_dir": 0.4, "thr_mag": 2.5, "rf_p_mean": 0.4049394077919312, "xgb_p_mean": 0.9778182506561279, "vol_pre": 7.238632401852268, "news_impact": 1.6094379124341003}
2025-11-12 15:39:33,977Z - INFO - Inserted/updated 102 records into predictETH5
2025-11-12 15:39:33,977Z - INFO - ==== predict_V19F_to_db completed ====
2025-11-12 16:21:48,686Z - ERROR - Unhandled exception in predict_V19_to_db
Traceback (most recent call last):
  File "/home/ilyamus/GPTGROKWORK/AITrainer_V5/predict_V19F_to_db.py", line 851, in <module>
    main()
  File "/home/ilyamus/GPTGROKWORK/AITrainer_V5/predict_V19F_to_db.py", line 827, in main
    models, model_paths = _load_models()
                          ^^^^^^^^^^^^^^
  File "/home/ilyamus/GPTGROKWORK/AITrainer_V5/predict_V19F_to_db.py", line 115, in _load_models
    raise FileNotFoundError(f"Model file not found: {path}")
FileNotFoundError: Model file not found: /home/ilyamus/GPTGROKWORK/AITrainer_V5/model_direction_rf_15min.pkl
2025-11-12 16:23:46,304Z - ERROR - Unhandled exception in predict_V19_to_db
Traceback (most recent call last):
  File "/home/ilyamus/GPTGROKWORK/AITrainer_V5/predict_V19F_to_db.py", line 851, in <module>
    main()
  File "/home/ilyamus/GPTGROKWORK/AITrainer_V5/predict_V19F_to_db.py", line 827, in main
    models, model_paths = _load_models()
                          ^^^^^^^^^^^^^^
  File "/home/ilyamus/GPTGROKWORK/AITrainer_V5/predict_V19F_to_db.py", line 115, in _load_models
    raise FileNotFoundError(f"Model file not found: {path}")
FileNotFoundError: Model file not found: /home/ilyamus/GPTGROKWORK/AITrainer_V5/model_direction_rf_15min.pkl
2025-11-12 16:25:05,527Z - ERROR - Unhandled exception in predict_V19_to_db
Traceback (most recent call last):
  File "/home/ilyamus/GPTGROKWORK/AITrainer_V5/predict_V19F_to_db.py", line 851, in <module>
    main()
  File "/home/ilyamus/GPTGROKWORK/AITrainer_V5/predict_V19F_to_db.py", line 827, in main
    models, model_paths = _load_models()
                          ^^^^^^^^^^^^^^
  File "/home/ilyamus/GPTGROKWORK/AITrainer_V5/predict_V19F_to_db.py", line 115, in _load_models
    raise FileNotFoundError(f"Model file not found: {path}")
FileNotFoundError: Model file not found: /home/ilyamus/GPTGROKWORK/AITrainer_V5/model_te_direction_rf_15min.pkl
2025-11-12 16:26:18,378Z - INFO - Loading rf model from /home/ilyamus/GPTGROKWORK/AITrainer_V5/model_te_direction_rf_15m.pkl
2025-11-12 16:26:19,703Z - INFO - Loading xgb model from /home/ilyamus/GPTGROKWORK/AITrainer_V5/model_te_direction_xgb_15m.pkl
2025-11-12 16:26:19,761Z - ERROR - Unhandled exception in predict_V19_to_db
Traceback (most recent call last):
  File "/home/ilyamus/GPTGROKWORK/AITrainer_V5/predict_V19F_to_db.py", line 851, in <module>
    main()
  File "/home/ilyamus/GPTGROKWORK/AITrainer_V5/predict_V19F_to_db.py", line 827, in main
    models, model_paths = _load_models()
                          ^^^^^^^^^^^^^^
  File "/home/ilyamus/GPTGROKWORK/AITrainer_V5/predict_V19F_to_db.py", line 115, in _load_models
    raise FileNotFoundError(f"Model file not found: {path}")
FileNotFoundError: Model file not found: /home/ilyamus/GPTGROKWORK/AITrainer_V5/model_te_magnitude_15m.pkl
2025-11-12 16:27:30,134Z - INFO - Loading rf model from /home/ilyamus/GPTGROKWORK/AITrainer_V5/model_te_direction_rf_15m.pkl
2025-11-12 16:27:31,098Z - INFO - Loading xgb model from /home/ilyamus/GPTGROKWORK/AITrainer_V5/model_te_direction_xgb_15m.pkl
2025-11-12 16:27:31,145Z - INFO - Loading reg model from /home/ilyamus/GPTGROKWORK/AITrainer_V5/model_te_magnitude_xgb_15m.pkl
2025-11-12 16:27:31,164Z - INFO - Loading event label encoder from /home/ilyamus/GPTGROKWORK/AITrainer_V5/label_encoder_event_te_15m.pkl
2025-11-12 16:27:59,458Z - ERROR - Unhandled exception in predict_V19_to_db
Traceback (most recent call last):
  File "/usr/local/lib64/python3.12/site-packages/mysql/connector/connection_cext.py", line 755, in cmd_query
    self._cmysql.query(
_mysql_connector.MySQLInterfaceError: Unknown column 'event' in 'field list'

The above exception was the direct cause of the following exception:

Traceback (most recent call last):
  File "/usr/local/lib64/python3.12/site-packages/sqlalchemy/engine/base.py", line 1964, in _exec_single_context
    self.dialect.do_execute(
  File "/usr/local/lib64/python3.12/site-packages/sqlalchemy/engine/default.py", line 945, in do_execute
    cursor.execute(statement, parameters)
  File "/usr/local/lib64/python3.12/site-packages/mysql/connector/cursor_cext.py", line 351, in execute
    self._connection.cmd_query(
  File "/usr/local/lib64/python3.12/site-packages/mysql/connector/opentelemetry/context_propagation.py", line 97, in wrapper
    return method(cnx, *args, **kwargs)
           ^^^^^^^^^^^^^^^^^^^^^^^^^^^^
  File "/usr/local/lib64/python3.12/site-packages/mysql/connector/connection_cext.py", line 763, in cmd_query
    raise get_mysql_exception(
mysql.connector.errors.ProgrammingError: 1054 (42S22): Unknown column 'event' in 'field list'

The above exception was the direct cause of the following exception:

Traceback (most recent call last):
  File "/home/ilyamus/GPTGROKWORK/AITrainer_V5/predict_V19F_to_db.py", line 851, in <module>
    main()
  File "/home/ilyamus/GPTGROKWORK/AITrainer_V5/predict_V19F_to_db.py", line 832, in main
    news = _load_news(engine)
           ^^^^^^^^^^^^^^^^^^
  File "/home/ilyamus/GPTGROKWORK/AITrainer_V5/predict_V19F_to_db.py", line 198, in _load_news
    df = pd.read_sql(query, engine, params=params)
         ^^^^^^^^^^^^^^^^^^^^^^^^^^^^^^^^^^^^^^^^^
  File "/usr/local/lib64/python3.12/site-packages/pandas/io/sql.py", line 734, in read_sql
    return pandas_sql.read_query(
           ^^^^^^^^^^^^^^^^^^^^^^
  File "/usr/local/lib64/python3.12/site-packages/pandas/io/sql.py", line 1836, in read_query
    result = self.execute(sql, params)
             ^^^^^^^^^^^^^^^^^^^^^^^^^
  File "/usr/local/lib64/python3.12/site-packages/pandas/io/sql.py", line 1660, in execute
    return self.con.execute(sql, *args)
           ^^^^^^^^^^^^^^^^^^^^^^^^^^^^
  File "/usr/local/lib64/python3.12/site-packages/sqlalchemy/engine/base.py", line 1416, in execute
    return meth(
           ^^^^^
  File "/usr/local/lib64/python3.12/site-packages/sqlalchemy/sql/elements.py", line 523, in _execute_on_connection
    return connection._execute_clauseelement(
           ^^^^^^^^^^^^^^^^^^^^^^^^^^^^^^^^^^
  File "/usr/local/lib64/python3.12/site-packages/sqlalchemy/engine/base.py", line 1638, in _execute_clauseelement
    ret = self._execute_context(
          ^^^^^^^^^^^^^^^^^^^^^^
  File "/usr/local/lib64/python3.12/site-packages/sqlalchemy/engine/base.py", line 1843, in _execute_context
    return self._exec_single_context(
           ^^^^^^^^^^^^^^^^^^^^^^^^^^
  File "/usr/local/lib64/python3.12/site-packages/sqlalchemy/engine/base.py", line 1983, in _exec_single_context
    self._handle_dbapi_exception(
  File "/usr/local/lib64/python3.12/site-packages/sqlalchemy/engine/base.py", line 2352, in _handle_dbapi_exception
    raise sqlalchemy_exception.with_traceback(exc_info[2]) from e
  File "/usr/local/lib64/python3.12/site-packages/sqlalchemy/engine/base.py", line 1964, in _exec_single_context
    self.dialect.do_execute(
  File "/usr/local/lib64/python3.12/site-packages/sqlalchemy/engine/default.py", line 945, in do_execute
    cursor.execute(statement, parameters)
  File "/usr/local/lib64/python3.12/site-packages/mysql/connector/cursor_cext.py", line 351, in execute
    self._connection.cmd_query(
  File "/usr/local/lib64/python3.12/site-packages/mysql/connector/opentelemetry/context_propagation.py", line 97, in wrapper
    return method(cnx, *args, **kwargs)
           ^^^^^^^^^^^^^^^^^^^^^^^^^^^^
  File "/usr/local/lib64/python3.12/site-packages/mysql/connector/connection_cext.py", line 763, in cmd_query
    raise get_mysql_exception(
sqlalchemy.exc.ProgrammingError: (mysql.connector.errors.ProgrammingError) 1054 (42S22): Unknown column 'event' in 'field list'
[SQL: 
        SELECT id, timestamp_utc, event, event_key, imp_total, imp_calculated, imp_trend,
               direction, magnitude, actual, dependence
        FROM news_tradingeconomics
    
        WHERE timestamp_utc BETWEEN UTC_TIMESTAMP() AND UTC_TIMESTAMP() + INTERVAL %(future_hours)s HOUR
          AND imp_total > %(imp_total)s
        ORDER BY timestamp_utc
        ]
[parameters: {'future_hours': 3, 'imp_total': 0.1}]
(Background on this error at: https://sqlalche.me/e/20/f405)
